// Vitest Snapshot v1, https://vitest.dev/guide/snapshot.html

exports[`Story Component > matches the snapshot 1`] = `
<DocumentFragment>
  <div
    class="story"
  >
    <img
      alt="john_doe"
      class="avatar"
      src="/avatar1.jpg"
    />
    <p
      class="username"
    >
      john_doe
    </p>
  </div>
</DocumentFragment>
`;
